// Jest Snapshot v1, https://goo.gl/fbAQLP

exports[`Render component Create a snapshot 1`] = `
<div
  className="container"
>
  <div
    className="pageTitle title"
  >
    <span>
      User Details
    </span>
  </div>
  <div
    className="avatar"
  />
  <div
    className="personal"
  />
  <div
    className="box"
  >
    <div
      className="pageSubTitle"
    >
      <span>
        Total Orders Today
      </span>
    </div>
    <div
      className="orderValue"
    >
      12.450 $
    </div>
  </div>
  <div
    className="box"
  >
    <div
      className="pageSubTitle"
    >
      <span>
        Total Clients Today
      </span>
    </div>
    <div
      className="orderValue"
    >
      25
    </div>
  </div>
  <div
    className="box"
  >
    <div
      className="pageSubTitle"
    >
      <span>
        Revenue Day Ratio
      </span>
    </div>
    <div
      className="orderValue"
    >
      25%
    </div>
  </div>
  <div
    className="charts"
  >
    <div
      className="pageSubTitle"
    >
      <span>
        Chart Area
      </span>
    </div>
    <div
      className="recharts-responsive-container"
      style={
        Object {
          "height": "100%",
          "maxHeight": undefined,
          "minHeight": undefined,
          "minWidth": undefined,
          "width": "100%",
        }
      }
    />
  </div>
  <div
    className="charts"
  >
    <div
      className="pageSubTitle"
    >
      <span>
        Chart Billing
      </span>
    </div>
    <div
      className="recharts-responsive-container"
      style={
        Object {
          "height": "100%",
          "maxHeight": undefined,
          "minHeight": undefined,
          "minWidth": undefined,
          "width": "100%",
        }
      }
    />
  </div>
</div>
`;
