// Jest Snapshot v1, https://goo.gl/fbAQLP

exports[`Render field component Create a snapshot 1`] = `
<div
  className="field"
/>
`;
