// Jest Snapshot v1, https://goo.gl/fbAQLP

exports[`Render label component Create a snapshot 1`] = `
<div
  className="label"
>
  <span />
</div>
`;
