// Jest Snapshot v1, https://goo.gl/fbAQLP

exports[`Render subtitle component Create a snapshot 1`] = `
<div
  className="pageSubTitle"
>
  <span />
</div>
`;
