// Jest Snapshot v1, https://goo.gl/fbAQLP

exports[`Render title component Create a snapshot 1`] = `
<div
  className="pageTitle"
>
  <span />
</div>
`;
